/lustre/home/mariyam/GMI_project/train_fixed_h5.py:442: FutureWarning: `torch.cuda.amp.GradScaler(args...)` is deprecated. Please use `torch.amp.GradScaler('cuda', args...)` instead.
  scaler = torch.cuda.amp.GradScaler() if use_amp else None
================================================================================
Started: 2026-06-15T22:32:15
Command args: {'train_h5': PosixPath('/lustre/home/mariyam/GMI_1C-R/fixed_train/train_fixed_360k.h5'), 'val_h5': PosixPath('/lustre/home/mariyam/GMI_1C-R/fixed_val/val_fixed_50k.h5'), 'save_dir': PosixPath('checkpoints_fixed_h5'), 'use_static': False, 'fill_target_nan': '0.0', 'batch_size': 16, 'epochs': 100, 'lr': 0.001, 'weight_decay': 0.0, 'num_workers': 4, 'seed': 42, 'loss': 'mse', 'early_stop_patience': 15, 'scheduler_patience': 8, 'scheduler_factor': 0.5, 'min_lr': 1e-06, 'base_filters': [8, 16, 32, 64], 'use_batchnorm': False, 'final_activation': 'identity', 'amp': True, 'grad_clip': None, 'resume': None, 'save_every_epoch': False, 'log_every': 100}
================================================================================
Using device: cuda
GPU: NVIDIA L40S
CUDA memory allocated at start: 0.000 GB

Inspecting H5 files ...
Train H5: {'path': '/lustre/home/mariyam/GMI_1C-R/fixed_train/train_fixed_360k.h5', 'n': 360000, 'x_gmi_shape': (360000, 78, 40, 40), 'y_shape': (360000, 13, 40, 40), 'has_static': False, 'x_static_shape': None, 'attrs': {'lat_max': '70.0', 'lat_min': '-70.0', 'max_permanent_invalid_fraction': '0.3', 'min_target_valid_fraction': '0.7', 'num_patches_actual': '360000', 'num_patches_target': '360000', 'patch_size': '40', 'seed': '42', 'stride': '20', 'use_static': 'False'}}
Val H5  : {'path': '/lustre/home/mariyam/GMI_1C-R/fixed_val/val_fixed_50k.h5', 'n': 50000, 'x_gmi_shape': (50000, 78, 40, 40), 'y_shape': (50000, 13, 40, 40), 'has_static': False, 'x_static_shape': None, 'attrs': {'min_valid_fraction': '0.7', 'num_patches_actual': '50000', 'num_patches_target': '50000', 'patch_size': '40', 'sampling': 'balanced random stride-aligned sampling from original validation days', 'seed': '999', 'stride': '20', 'use_static': 'False'}}

Loading datasets ...
Building dataloaders ...

Building model ...
Train patches : 360,000
Val patches   : 50,000
In channels   : 78
Out channels  : 13
Patch size    : 40
Base filters  : (8, 16, 32, 64)
Parameters    : 491,325
AMP enabled   : True
Loss function : mse

--------------------------------------------------------------------------------
Starting epoch 1/100 at 2026-06-15T22:32:26
Train 1:   0%|          | 0/22500 [00:00<?, ?it/s]/lustre/home/mariyam/GMI_project/train_fixed_h5.py:200: FutureWarning: `torch.cuda.amp.autocast(args...)` is deprecated. Please use `torch.amp.autocast('cuda', args...)` instead.
  with torch.cuda.amp.autocast():
Train 1:   0%|          | 0/22500 [00:58<?, ?it/s, avg=51589.605469, batch_loss=51589.605469]Train 1:   0%|          | 1/22500 [00:58<367:53:19, 58.86s/it, avg=51589.605469, batch_loss=51589.605469]Train 1:   0%|          | 1/22500 [00:58<367:53:19, 58.86s/it, avg=51412.224609, batch_loss=51234.843750]Train 1:   0%|          | 1/22500 [00:58<367:53:19, 58.86s/it, avg=54170.528646, batch_loss=59687.136719]Train 1:   0%|          | 1/22500 [00:58<367:53:19, 58.86s/it, avg=53965.738281, batch_loss=53351.367188]Train 1:   0%|          | 1/22500 [01:51<367:53:19, 58.86s/it, avg=54155.157813, batch_loss=54912.835938]Train 1:   0%|          | 5/22500 [01:51<124:36:35, 19.94s/it, avg=54155.157813, batch_loss=54912.835938]Train 1:   0%|          | 5/22500 [01:51<124:36:35, 19.94s/it, avg=54105.444661, batch_loss=53856.878906]Train 1:   0%|          | 5/22500 [01:55<124:36:35, 19.94s/it, avg=53860.937500, batch_loss=52393.894531]Train 1:   0%|          | 7/22500 [01:55<82:08:59, 13.15s/it, avg=53860.937500, batch_loss=52393.894531] Train 1:   0%|          | 7/22500 [01:55<82:08:59, 13.15s/it, avg=54019.044922, batch_loss=55125.796875]Train 1:   0%|          | 7/22500 [02:35<82:08:59, 13.15s/it, avg=54309.924913, batch_loss=56636.964844]Train 1:   0%|          | 9/22500 [02:35<97:40:47, 15.64s/it, avg=54309.924913, batch_loss=56636.964844]Train 1:   0%|          | 9/22500 [02:35<97:40:47, 15.64s/it, avg=53786.889844, batch_loss=49079.574219]Train 1:   0%|          | 9/22500 [02:40<97:40:47, 15.64s/it, avg=53859.537287, batch_loss=54586.011719]Train 1:   0%|          | 11/22500 [02:40<70:17:06, 11.25s/it, avg=53859.537287, batch_loss=54586.011719]Train 1:   0%|          | 11/22500 [02:40<70:17:06, 11.25s/it, avg=53313.986003, batch_loss=47312.921875]