================================================================================
Started: 2026-06-15T22:24:35
Command args: {'train_h5': PosixPath('/lustre/home/mariyam/GMI_1C-R/h5_subsets/fixed_train_filtered.h5'), 'val_h5': PosixPath('/lustre/home/mariyam/GMI_1C-R/h5_subsets/fixed_val.h5'), 'save_dir': PosixPath('checkpoints_fixed_h5'), 'use_static': True, 'fill_target_nan': '0.0', 'batch_size': 16, 'epochs': 100, 'lr': 0.001, 'weight_decay': 0.0, 'num_workers': 4, 'seed': 42, 'loss': 'mse', 'early_stop_patience': 15, 'scheduler_patience': 8, 'scheduler_factor': 0.5, 'min_lr': 1e-06, 'base_filters': [8, 16, 32, 64], 'use_batchnorm': False, 'final_activation': 'identity', 'amp': True, 'grad_clip': None, 'resume': None, 'save_every_epoch': False, 'log_every': 100}
================================================================================
Using device: cpu

Inspecting H5 files ...
================================================================================
Started: 2026-06-15T22:26:15
Command args: {'train_h5': PosixPath('/lustre/home/mariyam/GMI_1C-R/h5_subsets/fixed_train_filtered.h5'), 'val_h5': PosixPath('/lustre/home/mariyam/GMI_1C-R/h5_subsets/fixed_val.h5'), 'save_dir': PosixPath('checkpoints_fixed_h5'), 'use_static': True, 'fill_target_nan': '0.0', 'batch_size': 16, 'epochs': 100, 'lr': 0.001, 'weight_decay': 0.0, 'num_workers': 4, 'seed': 42, 'loss': 'mse', 'early_stop_patience': 15, 'scheduler_patience': 8, 'scheduler_factor': 0.5, 'min_lr': 1e-06, 'base_filters': [8, 16, 32, 64], 'use_batchnorm': False, 'final_activation': 'identity', 'amp': True, 'grad_clip': None, 'resume': None, 'save_every_epoch': False, 'log_every': 100}
================================================================================
Using device: cuda
GPU: NVIDIA L40S
CUDA memory allocated at start: 0.000 GB

Inspecting H5 files ...
================================================================================
Started: 2026-06-15T22:31:29
Command args: {'train_h5': PosixPath('/lustre/home/mariyam/GMI_1C-R/fixed_train/train_fixed_360k.h5'), 'val_h5': PosixPath('/lustre/home/mariyam/GMI_1C-R/fixed_val/val_fixed_50k.h5'), 'save_dir': PosixPath('checkpoints_fixed_h5'), 'use_static': True, 'fill_target_nan': '0.0', 'batch_size': 16, 'epochs': 100, 'lr': 0.001, 'weight_decay': 0.0, 'num_workers': 4, 'seed': 42, 'loss': 'mse', 'early_stop_patience': 15, 'scheduler_patience': 8, 'scheduler_factor': 0.5, 'min_lr': 1e-06, 'base_filters': [8, 16, 32, 64], 'use_batchnorm': False, 'final_activation': 'identity', 'amp': True, 'grad_clip': None, 'resume': None, 'save_every_epoch': False, 'log_every': 100}
================================================================================
Using device: cuda
GPU: NVIDIA L40S
CUDA memory allocated at start: 0.000 GB

Inspecting H5 files ...
================================================================================
Started: 2026-06-15T22:32:15
Command args: {'train_h5': PosixPath('/lustre/home/mariyam/GMI_1C-R/fixed_train/train_fixed_360k.h5'), 'val_h5': PosixPath('/lustre/home/mariyam/GMI_1C-R/fixed_val/val_fixed_50k.h5'), 'save_dir': PosixPath('checkpoints_fixed_h5'), 'use_static': False, 'fill_target_nan': '0.0', 'batch_size': 16, 'epochs': 100, 'lr': 0.001, 'weight_decay': 0.0, 'num_workers': 4, 'seed': 42, 'loss': 'mse', 'early_stop_patience': 15, 'scheduler_patience': 8, 'scheduler_factor': 0.5, 'min_lr': 1e-06, 'base_filters': [8, 16, 32, 64], 'use_batchnorm': False, 'final_activation': 'identity', 'amp': True, 'grad_clip': None, 'resume': None, 'save_every_epoch': False, 'log_every': 100}
================================================================================
Using device: cuda
GPU: NVIDIA L40S
CUDA memory allocated at start: 0.000 GB

Inspecting H5 files ...
Train H5: {'path': '/lustre/home/mariyam/GMI_1C-R/fixed_train/train_fixed_360k.h5', 'n': 360000, 'x_gmi_shape': (360000, 78, 40, 40), 'y_shape': (360000, 13, 40, 40), 'has_static': False, 'x_static_shape': None, 'attrs': {'lat_max': '70.0', 'lat_min': '-70.0', 'max_permanent_invalid_fraction': '0.3', 'min_target_valid_fraction': '0.7', 'num_patches_actual': '360000', 'num_patches_target': '360000', 'patch_size': '40', 'seed': '42', 'stride': '20', 'use_static': 'False'}}
Val H5  : {'path': '/lustre/home/mariyam/GMI_1C-R/fixed_val/val_fixed_50k.h5', 'n': 50000, 'x_gmi_shape': (50000, 78, 40, 40), 'y_shape': (50000, 13, 40, 40), 'has_static': False, 'x_static_shape': None, 'attrs': {'min_valid_fraction': '0.7', 'num_patches_actual': '50000', 'num_patches_target': '50000', 'patch_size': '40', 'sampling': 'balanced random stride-aligned sampling from original validation days', 'seed': '999', 'stride': '20', 'use_static': 'False'}}

Loading datasets ...
Building dataloaders ...

Building model ...
Train patches : 360,000
Val patches   : 50,000
In channels   : 78
Out channels  : 13
Patch size    : 40
Base filters  : (8, 16, 32, 64)
Parameters    : 491,325
AMP enabled   : True
Loss function : mse

--------------------------------------------------------------------------------
Starting epoch 1/100 at 2026-06-15T22:32:26
